// Jest Snapshot v1, https://goo.gl/fbAQLP

exports[`should render Board component correctly 1`] = `
<div>
  <p>
    Board Component
  </p>
  <Cage />
  <Cage />
  <Cage />
  <Cage />
  <Cage />
  <Cage />
  <Cage />
  <Cage />
  <Cage />
</div>
`;
